---
source: crates/cribo/tests/test_bundling_snapshots.rs
input_file: crates/cribo/tests/fixtures/bundling/future_imports_multiple/main.py
---
#!/usr/bin/env python3
# Generated by Cribo - Python Source Bundler
# https://github.com/ophidiarium/cribo

from __future__ import annotations, division, print_function
def func_b():
	print("Function B")
def func_a():
	print("Function A")
def main():
	func_a()
	func_b()
if __name__ == "__main__":
	main()
