---
source: crates/cribo/tests/test_bundling_snapshots.rs
input_file: crates/cribo/tests/fixtures/bundling/simple_math/main.py
---
#!/usr/bin/env python3
# Generated by Cribo - Python Source Bundler
# https://github.com/ophidiarium/cribo

def format_result(operation, result):
	"""Format operation result for display."""
	return f"{operation}: {result}"
def add(a, b):
	"""Add two numbers."""
	return a + b
def multiply(a, b):
	"""Multiply two numbers."""
	return a * b
def main():
	result1 = add(5, 3)
	result2 = multiply(4, 7)
	print(format_result("Addition", result1))
	print(format_result("Multiplication", result2))
if __name__ == "__main__":
	main()
