---
source: crates/cribo/tests/test_bundling_snapshots.rs
input_file: crates/cribo/tests/fixtures/bundling/future_imports_basic/main.py
---
packages: []
count: 0
