---
source: crates/cribo/tests/test_bundling_snapshots.rs
input_file: crates/cribo/tests/fixtures/bundling/stickytape_script_with_single_local_import_of_package/main.py
---
packages: []
count: 0
