---
source: crates/cribo/tests/test_bundling_snapshots.rs
input_file: crates/cribo/tests/fixtures/bundling/stickytape_single_file_using_stdlib/main.py
---
packages: []
count: 0
