---
source: crates/cribo/tests/test_bundling_snapshots.rs
input_file: crates/cribo/tests/fixtures/bundling/ast_rewriting_class_name_collision/main.py
---
packages: []
count: 0
