---
source: crates/cribo/tests/test_bundling_snapshots.rs
input_file: crates/cribo/tests/fixtures/bundling/stickytape_module_with_triple_quotes/main.py
---
packages: []
count: 0
