---
source: crates/cribo/tests/test_bundling_snapshots.rs
input_file: crates/cribo/tests/fixtures/bundling/fstring_module_globals/main.py
---
packages: []
count: 0
