---
source: crates/cribo/tests/test_bundling_snapshots.rs
input_file: crates/cribo/tests/fixtures/bundling/fstring_globals_lifting/main.py
---
packages: []
count: 0
