---
source: crates/cribo/tests/test_bundling_snapshots.rs
input_file: crates/cribo/tests/fixtures/bundling/stickytape_explicit_relative_import_single_dot_in_init/main.py
---
packages: []
count: 0
