---
source: crates/cribo/tests/test_bundling_snapshots.rs
input_file: crates/cribo/tests/fixtures/bundling/pyfail_package_level_cycles/main.py
---
packages: []
count: 0
