---
source: crates/cribo/tests/test_bundling_snapshots.rs
input_file: crates/cribo/tests/fixtures/bundling/test_all_exports/main.py
---
packages: []
count: 0
