---
source: crates/cribo/tests/test_bundling_snapshots.rs
input_file: crates/cribo/tests/fixtures/bundling/pyfail_four_module_cycle/main.py
---
packages: []
count: 0
