---
source: crates/cribo/tests/test_bundling_snapshots.rs
input_file: crates/cribo/tests/fixtures/bundling/pydantic_project/main.py
---
RuffLintResults {
    f401_violations: [],
    f404_violations: [],
    other_violations: [],
    total_violations: 0,
}
